------- FILE bomber.asm LEVEL 1 PASS 2
      1  fffe					      processor	6502
      2  10000 ????
      3  10000 ????						;include required files
------- FILE vcs.h LEVEL 2 PASS 2
      0  10000 ????				       include	"vcs.h"
      1  10000 ????						; VCS.H
      2  10000 ????						; Version 1.07, 08/OCT/2021
      3  10000 ????
      4  10000 ????		00 6b	    VERSION_VCS =	107
      5  10000 ????
      6  10000 ????						; THIS IS *THE* "STANDARD" VCS.H
      7  10000 ????						; THIS FILE IS EXPLICITLY SUPPORTED AS A DASM-PREFERRED COMPANION FILE
      8  10000 ????						; The latest version can be found at https://dasm-assembler.github.io/
      9  10000 ????						;
     10  10000 ????						; This file defines hardware registers and memory mapping for the
     11  10000 ????						; Atari 2600. It is distributed as a companion machine-specific support package
     12  10000 ????						; for the DASM compiler. Updates to this file, DASM, and associated tools are
     13  10000 ????						; available at at https://dasm-assembler.github.io/
     14  10000 ????						;
     15  10000 ????						; Many thanks to the people who have contributed. If you find an issue with the
     16  10000 ????						; contents, or would like ot add something, please report as an issue at...
     17  10000 ????						; https://github.com/dasm-assembler/dasm/issues
     18  10000 ????
     19  10000 ????						;
     20  10000 ????						; Latest Revisions...
     21  10000 ????						; 1.07  08/OCT/2021	 Added timer interrupt registers
     22  10000 ????						; 1.06  05/SEP/2020	 Modified header/license and links to new versions
     23  10000 ????						; 1.05  13/NOV/2003	  - Correction to 1.04 - now functions as requested by MR.
     24  10000 ????						;			  - Added VERSION_VCS equate (which will reflect 100x version #)
     25  10000 ????						;			    This will allow conditional code to verify VCS.H being
     26  10000 ????						;			    used for code assembly.
     27  10000 ????						; 1.04  12/NOV/2003	 Added TIA_BASE_WRITE_ADDRESS and TIA_BASE_READ_ADDRESS for
     28  10000 ????						;			 convenient disassembly/reassembly compatibility for hardware
     29  10000 ????						;			 mirrored reading/writing differences.	This is more a
     30  10000 ????						;			 readability issue, and binary compatibility with disassembled
     31  10000 ????						;			 and reassembled sources.  Per Manuel Rotschkar's suggestion.
     32  10000 ????						; 1.03  12/MAY/2003	 Added SEG segment at end of file to fix old-code compatibility
     33  10000 ????						;			 which was broken by the use of segments in this file, as
     34  10000 ????						;			 reported by Manuel Polik on [stella] 11/MAY/2003
     35  10000 ????						; 1.02  22/MAR/2003	 Added TIMINT($285)
     36  10000 ????						; 1.01 		 Constant offset added to allow use for 3F-style bankswitching
     37  10000 ????						;			  - define TIA_BASE_ADDRESS as $40 for Tigervision carts, otherwise
     38  10000 ????						;			    it is safe to leave it undefined, and the base address will
     39  10000 ????						;			    be set to 0.  Thanks to Eckhard Stolberg for the suggestion.
     40  10000 ????						;			    Note, may use -DLABEL=EXPRESSION to define TIA_BASE_ADDRESS
     41  10000 ????						;			  - register definitions are now generated through assignment
     42  10000 ????						;			    in uninitialised segments.	This allows a changeable base
     43  10000 ????						;			    address architecture.
     44  10000 ????						; 1.0	 22/MAR/2003	 Initial release
     45  10000 ????
     46  10000 ????
     47  10000 ????						;-------------------------------------------------------------------------------
     48  10000 ????
     49  10000 ????						; TIA_BASE_ADDRESS
     50  10000 ????						; The TIA_BASE_ADDRESS defines the base address of access to TIA registers.
     51  10000 ????						; Normally 0, the base address should (externally, before including this file)
     52  10000 ????						; be set to $40 when creating 3F-bankswitched (and other?) cartridges.
     53  10000 ????						; The reason is that this bankswitching scheme treats any access to locations
     54  10000 ????						; < $40 as a bankswitch.
     55  10000 ????
     56  10000 ????			   -	       IFNCONST	TIA_BASE_ADDRESS
     57  10000 ????			   -TIA_BASE_ADDRESS =	0
     58  10000 ????				       ENDIF
     59  10000 ????
     60  10000 ????						; Note: The address may be defined on the command-line using the -D switch, eg:
     61  10000 ????						; dasm.exe code.asm -DTIA_BASE_ADDRESS=$40 -f3 -v5 -ocode.bin
     62  10000 ????						; *OR* by declaring the label before including this file, eg:
     63  10000 ????						; TIA_BASE_ADDRESS = $40
     64  10000 ????						;   include "vcs.h"
     65  10000 ????
     66  10000 ????						; Alternate read/write address capability - allows for some disassembly compatibility
     67  10000 ????						; usage ; to allow reassembly to binary perfect copies).  This is essentially catering
     68  10000 ????						; for the mirrored ROM hardware registers.
     69  10000 ????
     70  10000 ????						; Usage: As per above, define the TIA_BASE_READ_ADDRESS and/or TIA_BASE_WRITE_ADDRESS
     71  10000 ????						; using the -D command-line switch, as required.  If the addresses are not defined,
     72  10000 ????						; they defaut to the TIA_BASE_ADDRESS.
     73  10000 ????
     74  10000 ????			   -	       IFNCONST	TIA_BASE_READ_ADDRESS
     75  10000 ????			   -TIA_BASE_READ_ADDRESS =	TIA_BASE_ADDRESS
     76  10000 ????				       ENDIF
     77  10000 ????
     78  10000 ????			   -	       IFNCONST	TIA_BASE_WRITE_ADDRESS
     79  10000 ????			   -TIA_BASE_WRITE_ADDRESS =	TIA_BASE_ADDRESS
     80  10000 ????				       ENDIF
     81  10000 ????
     82  10000 ????						;-------------------------------------------------------------------------------
     83  10000 ????
     84 U002d ????				      SEG.U	TIA_REGISTERS_WRITE
     85 U0000					      ORG	TIA_BASE_WRITE_ADDRESS
     86 U0000
     87 U0000							; DO NOT CHANGE THE RELATIVE ORDERING OF REGISTERS!
     88 U0000
     89 U0000		       00	   VSYNC      ds	1	; $00	 0000 00x0   Vertical Sync Set-Clear
     90 U0001		       00	   VBLANK     ds	1	; $01	 xx00 00x0   Vertical Blank Set-Clear
     91 U0002		       00	   WSYNC      ds	1	; $02	 ---- ----   Wait for Horizontal Blank
     92 U0003		       00	   RSYNC      ds	1	; $03	 ---- ----   Reset Horizontal Sync Counter
     93 U0004		       00	   NUSIZ0     ds	1	; $04	 00xx 0xxx   Number-Size player/missle 0
     94 U0005		       00	   NUSIZ1     ds	1	; $05	 00xx 0xxx   Number-Size player/missle 1
     95 U0006		       00	   COLUP0     ds	1	; $06	 xxxx xxx0   Color-Luminance Player 0
     96 U0007		       00	   COLUP1     ds	1	; $07	 xxxx xxx0   Color-Luminance Player 1
     97 U0008		       00	   COLUPF     ds	1	; $08	 xxxx xxx0   Color-Luminance Playfield
     98 U0009		       00	   COLUBK     ds	1	; $09	 xxxx xxx0   Color-Luminance Background
     99 U000a		       00	   CTRLPF     ds	1	; $0A	 00xx 0xxx   Control Playfield, Ball, Collisions
    100 U000b		       00	   REFP0      ds	1	; $0B	 0000 x000   Reflection Player 0
    101 U000c		       00	   REFP1      ds	1	; $0C	 0000 x000   Reflection Player 1
    102 U000d		       00	   PF0	      ds	1	; $0D	 xxxx 0000   Playfield Register Byte 0
    103 U000e		       00	   PF1	      ds	1	; $0E	 xxxx xxxx   Playfield Register Byte 1
    104 U000f		       00	   PF2	      ds	1	; $0F	 xxxx xxxx   Playfield Register Byte 2
    105 U0010		       00	   RESP0      ds	1	; $10	 ---- ----   Reset Player 0
    106 U0011		       00	   RESP1      ds	1	; $11	 ---- ----   Reset Player 1
    107 U0012		       00	   RESM0      ds	1	; $12	 ---- ----   Reset Missle 0
    108 U0013		       00	   RESM1      ds	1	; $13	 ---- ----   Reset Missle 1
    109 U0014		       00	   RESBL      ds	1	; $14	 ---- ----   Reset Ball
    110 U0015		       00	   AUDC0      ds	1	; $15	 0000 xxxx   Audio Control 0
    111 U0016		       00	   AUDC1      ds	1	; $16	 0000 xxxx   Audio Control 1
    112 U0017		       00	   AUDF0      ds	1	; $17	 000x xxxx   Audio Frequency 0
    113 U0018		       00	   AUDF1      ds	1	; $18	 000x xxxx   Audio Frequency 1
    114 U0019		       00	   AUDV0      ds	1	; $19	 0000 xxxx   Audio Volume 0
    115 U001a		       00	   AUDV1      ds	1	; $1A	 0000 xxxx   Audio Volume 1
    116 U001b		       00	   GRP0       ds	1	; $1B	 xxxx xxxx   Graphics Register Player 0
    117 U001c		       00	   GRP1       ds	1	; $1C	 xxxx xxxx   Graphics Register Player 1
    118 U001d		       00	   ENAM0      ds	1	; $1D	 0000 00x0   Graphics Enable Missle 0
    119 U001e		       00	   ENAM1      ds	1	; $1E	 0000 00x0   Graphics Enable Missle 1
    120 U001f		       00	   ENABL      ds	1	; $1F	 0000 00x0   Graphics Enable Ball
    121 U0020		       00	   HMP0       ds	1	; $20	 xxxx 0000   Horizontal Motion Player 0
    122 U0021		       00	   HMP1       ds	1	; $21	 xxxx 0000   Horizontal Motion Player 1
    123 U0022		       00	   HMM0       ds	1	; $22	 xxxx 0000   Horizontal Motion Missle 0
    124 U0023		       00	   HMM1       ds	1	; $23	 xxxx 0000   Horizontal Motion Missle 1
    125 U0024		       00	   HMBL       ds	1	; $24	 xxxx 0000   Horizontal Motion Ball
    126 U0025		       00	   VDELP0     ds	1	; $25	 0000 000x   Vertical Delay Player 0
    127 U0026		       00	   VDELP1     ds	1	; $26	 0000 000x   Vertical Delay Player 1
    128 U0027		       00	   VDELBL     ds	1	; $27	 0000 000x   Vertical Delay Ball
    129 U0028		       00	   RESMP0     ds	1	; $28	 0000 00x0   Reset Missle 0 to Player 0
    130 U0029		       00	   RESMP1     ds	1	; $29	 0000 00x0   Reset Missle 1 to Player 1
    131 U002a		       00	   HMOVE      ds	1	; $2A	 ---- ----   Apply Horizontal Motion
    132 U002b		       00	   HMCLR      ds	1	; $2B	 ---- ----   Clear Horizontal Move Registers
    133 U002c		       00	   CXCLR      ds	1	; $2C	 ---- ----   Clear Collision Latches
    134 U002d
    135 U002d							;-------------------------------------------------------------------------------
    136 U002d
    137 U000e ????				      SEG.U	TIA_REGISTERS_READ
    138 U0000					      ORG	TIA_BASE_READ_ADDRESS
    139 U0000
    140 U0000							;					     bit 7   bit 6
    141 U0000		       00	   CXM0P      ds	1	; $00	     xx00 0000	     Read Collision  M0-P1   M0-P0
    142 U0001		       00	   CXM1P      ds	1	; $01	     xx00 0000			     M1-P0   M1-P1
    143 U0002		       00	   CXP0FB     ds	1	; $02	     xx00 0000			     P0-PF   P0-BL
    144 U0003		       00	   CXP1FB     ds	1	; $03	     xx00 0000			     P1-PF   P1-BL
    145 U0004		       00	   CXM0FB     ds	1	; $04	     xx00 0000			     M0-PF   M0-BL
    146 U0005		       00	   CXM1FB     ds	1	; $05	     xx00 0000			     M1-PF   M1-BL
    147 U0006		       00	   CXBLPF     ds	1	; $06	     x000 0000			     BL-PF   -----
    148 U0007		       00	   CXPPMM     ds	1	; $07	     xx00 0000			     P0-P1   M0-M1
    149 U0008		       00	   INPT0      ds	1	; $08	     x000 0000	     Read Pot Port 0
    150 U0009		       00	   INPT1      ds	1	; $09	     x000 0000	     Read Pot Port 1
    151 U000a		       00	   INPT2      ds	1	; $0A	     x000 0000	     Read Pot Port 2
    152 U000b		       00	   INPT3      ds	1	; $0B	     x000 0000	     Read Pot Port 3
    153 U000c		       00	   INPT4      ds	1	; $0C	     x000 0000	     Read Input (Trigger) 0
    154 U000d		       00	   INPT5      ds	1	; $0D	     x000 0000	     Read Input (Trigger) 1
    155 U000e
    156 U000e							;-------------------------------------------------------------------------------
    157 U000e
    158 U02a0 ????				      SEG.U	RIOT
    159 U0280					      ORG	$280
    160 U0280
    161 U0280							; RIOT MEMORY MAP
    162 U0280
    163 U0280		       00	   SWCHA      ds	1	; $280      Port A data register for joysticks:
    164 U0281							;	     Bits 4-7 for player 1.  Bits 0-3 for player 2.
    165 U0281
    166 U0281		       00	   SWACNT     ds	1	; $281      Port A data direction register (DDR)
    167 U0282		       00	   SWCHB      ds	1	; $282      Port B data (console switches)
    168 U0283		       00	   SWBCNT     ds	1	; $283      Port B DDR
    169 U0284		       00	   INTIM      ds	1	; $284      Timer output (and disable timer interrupt)
    170 U0285
    171 U0285		       00	   TIMINT     ds	1	; $285      Read the interrupt flags
    172 U0286
    173 U0286							; Mirrored registers, part 1 ($285-$294)
    174 U0286
    175 U0286		       00		      ds	1	; $286      Mirror of INTIM
    176 U0287		       00		      ds	1	; $287      Mirror of TIMINT
    177 U0288		       00		      ds	1	; $288      Mirror of SWCHA
    178 U0289		       00		      ds	1	; $289      Mirror of SWACNT
    179 U028a		       00		      ds	1	; $28A      Mirror of SWCHB
    180 U028b		       00		      ds	1	; $28B      Mirror of SWBCNT
    181 U028c		       00		      ds	1	; $28C      Timer output (and enable timer interrupt)
    182 U028d		       00		      ds	1	; $28D      Mirror of TIMINT
    183 U028e		       00		      ds	1	; $28E      Mirror of $28C
    184 U028f		       00		      ds	1	; $28F      Mirror of TIMINT
    185 U0290		       00		      ds	1	; $290      Mirror of SWCHA
    186 U0291		       00		      ds	1	; $291      Mirror of SWACNT
    187 U0292		       00		      ds	1	; $292      Mirror of SWCHB
    188 U0293		       00		      ds	1	; $293      Mirror of SWBCNT
    189 U0294
    190 U0294		       00	   TIM1T      ds	1	; $294      set 1 clock interval (and disable timer interrupt)
    191 U0295		       00	   TIM8T      ds	1	; $295      set 8 clock interval (and disable timer interrupt)
    192 U0296		       00	   TIM64T     ds	1	; $296      set 64 clock interval (and disable timer interrupt)
    193 U0297		       00	   T1024T     ds	1	; $297      set 1024 clock interval (and disable timer interrupt)
    194 U0298
    195 U0298							; Mirrored registers, part 2 ($298-$29b)
    196 U0298
    197 U0298		       00		      ds	1	; $298      Mirror of SWCHA
    198 U0299		       00		      ds	1	; $299      Mirror of SWACNT
    199 U029a		       00		      ds	1	; $29A      Mirror of SWCHB
    200 U029b		       00		      ds	1	; $29B      Mirror of SWBCNT
    201 U029c
    202 U029c		       00	   TIM1I      ds	1	; $29C      set 1 clock interval (and enable timer interrupt)
    203 U029d		       00	   TIM8I      ds	1	; $29D      set 8 clock interval (and enable timer interrupt)
    204 U029e		       00	   TIM64I     ds	1	; $29E      set 64 clock interval (and enable timer interrupt)
    205 U029f		       00	   T1024I     ds	1	; $29F      set 1024 clock interval (and enable timer interrupt)
    206 U02a0
    207 U02a0
    208 U02a0							;-------------------------------------------------------------------------------
    209 U02a0							; The following required for back-compatibility with code which does not use
    210 U02a0							; segments.
    211 U02a0
    212  0000 ????				      SEG
    213  0000 ????
    214  0000 ????						; EOF
------- FILE bomber.asm
------- FILE macro.h LEVEL 2 PASS 2
      0  0000 ????				      include	"macro.h"
      1  0000 ????						; MACRO.H
      2  0000 ????						; Version 1.09, 05/SEP/2020
      3  0000 ????
      4  0000 ????	       00 6d	   VERSION_MACRO =	109
      5  0000 ????
      6  0000 ????						;
      7  0000 ????						; THIS FILE IS EXPLICITLY SUPPORTED AS A DASM-PREFERRED COMPANION FILE
      8  0000 ????						; The latest version can be found at https://dasm-assembler.github.io/
      9  0000 ????						;
     10  0000 ????						; This file defines DASM macros useful for development for the Atari 2600.
     11  0000 ????						; It is distributed as a companion machine-specific support package
     12  0000 ????						; for the DASM compiler.
     13  0000 ????						;
     14  0000 ????						; Many thanks to the people who have contributed. If you find an issue with the
     15  0000 ????						; contents, or would like ot add something, please report as an issue at...
     16  0000 ????						; https://github.com/dasm-assembler/dasm/issues
     17  0000 ????
     18  0000 ????
     19  0000 ????						; Latest Revisions...
     20  0000 ????						; 1.09  05/SEP/2020	 - updated license/links
     21  0000 ????
     22  0000 ????						; 1.08  13/JUL/2020	 - added use of LXA to CLEAN_START
     23  0000 ????						; 1.07  19/JAN/2020	 - correction to comment VERTICAL_SYNC
     24  0000 ????						; 1.06  03/SEP/2004	 - nice revision of VERTICAL_SYNC (Edwin Blink)
     25  0000 ????						; 1.05  14/NOV/2003	 - Added VERSION_MACRO equate (which will reflect 100x version #)
     26  0000 ????						;			   This will allow conditional code to verify MACRO.H being
     27  0000 ????						;			   used for code assembly.
     28  0000 ????						; 1.04  13/NOV/2003	 - SET_POINTER macro added (16-bit address load)
     29  0000 ????						;
     30  0000 ????						; 1.03  23/JUN/2003	 - CLEAN_START macro added - clears TIA, RAM, registers
     31  0000 ????						;
     32  0000 ????						; 1.02  14/JUN/2003	 - VERTICAL_SYNC macro added
     33  0000 ????						;			   (standardised macro for vertical synch code)
     34  0000 ????						; 1.01  22/MAR/2003	 - SLEEP macro added.
     35  0000 ????						;			 - NO_ILLEGAL_OPCODES switch implemented
     36  0000 ????						; 1.0	22/MAR/2003		Initial release
     37  0000 ????
     38  0000 ????						; Note: These macros use illegal opcodes.  To disable illegal opcode usage,
     39  0000 ????						;   define the symbol NO_ILLEGAL_OPCODES (-DNO_ILLEGAL_OPCODES=1 on command-line).
     40  0000 ????						;   If you do not allow illegal opcode usage, you must include this file
     41  0000 ????						;   *after* including VCS.H (as the non-illegal opcodes access hardware
     42  0000 ????						;   registers and require them to be defined first).
     43  0000 ????
     44  0000 ????						; Available macros...
     45  0000 ????						;   SLEEP n		 - sleep for n cycles
     46  0000 ????						;   VERTICAL_SYNC	 - correct 3 scanline vertical synch code
     47  0000 ????						;   CLEAN_START	 - set machine to known state on startup
     48  0000 ????						;   SET_POINTER	 - load a 16-bit absolute to a 16-bit variable
     49  0000 ????
     50  0000 ????						;-------------------------------------------------------------------------------
     51  0000 ????						; SLEEP duration
     52  0000 ????						; Original author: Thomas Jentzsch
     53  0000 ????						; Inserts code which takes the specified number of cycles to execute.	This is
     54  0000 ????						; useful for code where precise timing is required.
     55  0000 ????						; ILLEGAL-OPCODE VERSION DOES NOT AFFECT FLAGS OR REGISTERS.
     56  0000 ????						; LEGAL OPCODE VERSION MAY AFFECT FLAGS
     57  0000 ????						; Uses illegal opcode (DASM 2.20.01 onwards).
     58  0000 ????
     59  0000 ????				      MAC	sleep
     60  0000 ????			   .CYCLES    SET	{1}
     61  0000 ????
     62  0000 ????				      IF	.CYCLES < 2
     63  0000 ????				      ECHO	"MACRO ERROR: 'SLEEP': Duration must be > 1"
     64  0000 ????				      ERR
     65  0000 ????				      ENDIF
     66  0000 ????
     67  0000 ????				      IF	.CYCLES & 1
     68  0000 ????				      IFNCONST	NO_ILLEGAL_OPCODES
     69  0000 ????				      nop	0
     70  0000 ????				      ELSE
     71  0000 ????				      bit	VSYNC
     72  0000 ????				      ENDIF
     73  0000 ????			   .CYCLES    SET	.CYCLES - 3
     74  0000 ????				      ENDIF
     75  0000 ????
     76  0000 ????				      REPEAT	.CYCLES / 2
     77  0000 ????				      nop
     78  0000 ????				      REPEND
     79  0000 ????				      ENDM		;usage: SLEEP n (n>1)
     80  0000 ????
     81  0000 ????						;-------------------------------------------------------------------------------
     82  0000 ????						; VERTICAL_SYNC
     83  0000 ????						; revised version by Edwin Blink -- saves bytes!
     84  0000 ????						; Inserts the code required for a proper 3 scanline vertical sync sequence
     85  0000 ????						; Note: Alters the accumulator
     86  0000 ????
     87  0000 ????						; OUT: A = 0
     88  0000 ????
     89  0000 ????				      MAC	vertical_sync
     90  0000 ????				      lda	#%1110	; each '1' bits generate a VSYNC ON line (bits 1..3)
     91  0000 ????			   .VSLP1     sta	WSYNC	; 1st '0' bit resets Vsync, 2nd '0' bit exit loop
     92  0000 ????				      sta	VSYNC
     93  0000 ????				      lsr
     94  0000 ????				      bne	.VSLP1	; branch until VYSNC has been reset
     95  0000 ????				      ENDM
     96  0000 ????
     97  0000 ????						;-------------------------------------------------------------------------------
     98  0000 ????						; CLEAN_START
     99  0000 ????						; Original author: Andrew Davie
    100  0000 ????						; Standardised start-up code, clears stack, all TIA registers and RAM to 0
    101  0000 ????						; Sets stack pointer to $FF, and all registers to 0
    102  0000 ????						; Sets decimal mode off, sets interrupt flag (kind of un-necessary)
    103  0000 ????						; Use as very first section of code on boot (ie: at reset)
    104  0000 ????						; Code written to minimise total ROM usage - uses weird 6502 knowledge :)
    105  0000 ????
    106  0000 ????				      MAC	clean_start
    107  0000 ????				      sei
    108  0000 ????				      cld
    109  0000 ????
    110  0000 ????				      IFNCONST	NO_ILLEGAL_OPCODES
    111  0000 ????				      lxa	#0
    112  0000 ????				      ELSE
    113  0000 ????				      ldx	#0
    114  0000 ????				      txa
    115  0000 ????				      ENDIF
    116  0000 ????				      tay
    117  0000 ????			   .CLEAR_STACK dex
    118  0000 ????				      txs
    119  0000 ????				      pha
    120  0000 ????				      bne	.CLEAR_STACK	; SP=$FF, X = A = Y = 0
    121  0000 ????
    122  0000 ????				      ENDM
    123  0000 ????
    124  0000 ????						;-------------------------------------------------------
    125  0000 ????						; SET_POINTER
    126  0000 ????						; Original author: Manuel Rotschkar
    127  0000 ????						;
    128  0000 ????						; Sets a 2 byte RAM pointer to an absolute address.
    129  0000 ????						;
    130  0000 ????						; Usage: SET_POINTER pointer, address
    131  0000 ????						; Example: SET_POINTER SpritePTR, SpriteData
    132  0000 ????						;
    133  0000 ????						; Note: Alters the accumulator, NZ flags
    134  0000 ????						; IN 1: 2 byte RAM location reserved for pointer
    135  0000 ????						; IN 2: absolute address
    136  0000 ????
    137  0000 ????				      MAC	set_pointer
    138  0000 ????			   .POINTER   SET	{1}
    139  0000 ????			   .ADDRESS   SET	{2}
    140  0000 ????
    141  0000 ????				      LDA	#<.ADDRESS	; Get Lowbyte of Address
    142  0000 ????				      STA	.POINTER	; Store in pointer
    143  0000 ????				      LDA	#>.ADDRESS	; Get Hibyte of Address
    144  0000 ????				      STA	.POINTER+1	; Store in pointer+1
    145  0000 ????
    146  0000 ????				      ENDM
    147  0000 ????
    148  0000 ????						;-------------------------------------------------------
    149  0000 ????						; BOUNDARY byte#
    150  0000 ????						; Original author: Denis Debro (borrowed from Bob Smith / Thomas)
    151  0000 ????						;
    152  0000 ????						; Push data to a certain position inside a page and keep count of how
    153  0000 ????						; many free bytes the programmer will have.
    154  0000 ????						;
    155  0000 ????						; eg: BOUNDARY 5    ; position at byte #5 in page
    156  0000 ????
    157  0000 ????			   .FREE_BYTES SET	0
    158  0000 ????				      MAC	boundary
    159  0000 ????				      REPEAT	256
    160  0000 ????				      IF	<. % {1} = 0
    161  0000 ????				      MEXIT
    162  0000 ????				      ELSE
    163  0000 ????			   .FREE_BYTES SET	.FREE_BYTES + 1
    164  0000 ????				      .byte	$00
    165  0000 ????				      ENDIF
    166  0000 ????				      REPEND
    167  0000 ????				      ENDM
    168  0000 ????
    169  0000 ????
    170  0000 ????						; EOF
------- FILE bomber.asm
      6  0000 ????
      7  0000 ????						;segment for uninitialized variables starting at $80
      8 U009b ????				      seg.u	variables
      9 U0080					      org	$80
     10 U0080
     11 U0080		       00	   JetXPos    byte.b		;player 0 X position
     12 U0081		       00	   JetYPos    byte.b		;player 0 Y position
     13 U0082		       00	   BomberXPos byte.b		;player 1 X position
     14 U0083		       00	   BomberYPos byte.b		;player 1 Y position
     15 U0084		       00	   MissileXPos byte.b		;missile X position
     16 U0085		       00	   MissileYPos byte.b		;missile Y position
     17 U0086		       00 00	   JetSpritePtr word.w		;Player 0 sprite pointer
     18 U0088		       00 00	   JetColourPtr word.w		;player 0 colour pointer
     19 U008a		       00 00	   BomberSpritePtr word.w		;Player 1 sprite pointer
     20 U008c		       00 00	   BomberColourPtr word.w		;player 1 colour pointer
     21 U008e		       00	   JetAnimOffset byte.b		;player 0 frame offset
     22 U008f		       00	   Random     byte.b		;set random number
     23 U0090		       00	   ScoreSprite byte.b		;store the bit pattern for the score sprite
     24 U0091		       00	   TimerSprite byte.b		;score the bit pattern for the timer sprite
     25 U0092		       00	   Score      byte.b		;2 digit score variable stored as BCD
     26 U0093		       00	   Timer      byte.b		;2 digit timer variable stored as BCD
     27 U0094		       00	   Temp       byte.b		;Temporary variable
     28 U0095		       00 00	   OnesDigitOffset word.w		;offset for score ones digit
     29 U0097		       00 00	   TensDigitOffset word.w		;offset for score tens digit
     30 U0099		       00	   TerrainColour byte.b		;grass pattern colour
     31 U009a		       00	   RiverColour byte.b		;river pattern colour
     32 U009b
     33 U009b							;define constants
     34 U009b		       00 09	   JET_HEIGHT =	9	;Player 0 sprite height
     35 U009b		       00 09	   BOMBER_HEIGHT =	9	;Player 1 sprite height
     36 U009b		       00 05	   DIGIT_HEIGHT =	5	;Scoreboard height
     37 U009b
     38 U009b
     39 U009b							;start of ROM at $F000
     40  10000 ????				       seg	code
     41  f000					      org	$F000
     42  f000
     43  f000				   reset
      0  f000					      CLEAN_START		;call macro to reset memory and registers
      1  f000		       78		      sei
      2  f001		       d8		      cld
      3  f002
      4  f002					      IFNCONST	NO_ILLEGAL_OPCODES
      5  f002		       ab 00		      lxa	#0
      6  f004				  -	      ELSE
      7  f004				  -	      ldx	#0
      8  f004				  -	      txa
      9  f004					      ENDIF
     10  f004		       a8		      tay
     11  f005		       ca	   .CLEAR_STACK dex
     12  f006		       9a		      txs
     13  f007		       48		      pha
     14  f008		       d0 fb		      bne	.CLEAR_STACK
     15  f00a
     45  f00a
     46  f00a							;initialize variables-----------------------------------------------
     47  f00a		       a9 41		      lda	#65
     48  f00c		       85 80		      sta	JetXPos	;JetXPos = 65
     49  f00e		       a9 05		      lda	#5
     50  f010		       85 81		      sta	JetYPos	;JetYPos = 5
     51  f012		       a9 53		      lda	#83
     52  f014		       85 83		      sta	BomberYPos	;BomberYPos = 83
     53  f016		       a9 41		      lda	#65
     54  f018		       85 82		      sta	BomberXPos	;BomberXPos = 65
     55  f01a		       a9 d4		      lda	#%11010100
     56  f01c		       85 8f		      sta	Random	;Random = $D4
     57  f01e		       a9 00		      lda	#0
     58  f020		       85 92		      sta	Score
     59  f022		       85 93		      sta	Timer	;score and timer = 0
     60  f024
     61  f024							;declare missile macro-----------------------------------------------
     62  f024					      MAC	draw_missile
     63  f024					      lda	#%00000000
     64  f024					      cpx	MissileYPos	;compare current scanline to missile y position
     65  f024					      bne	SkipMissileDraw	;skip draw if not equal
     66  f024				   DrawMissile
     67  f024					      lda	#%00000010	;enable missile 0 display
     68  f024					      inc	MissileYPos
     69  f024				   SkipMissileDraw
     70  f024					      sta	ENAM0	;store the value in the missile 0 TIA register
     71  f024					      ENDM
     72  f024
     73  f024							;initialize pointers------------------------------------------------
     74  f024		       a9 cb		      lda	#<JetSprite
     75  f026		       85 86		      sta	JetSpritePtr	;low byte pointer to jet sprite lookup table
     76  f028		       a9 f2		      lda	#>JetSprite
     77  f02a		       85 87		      sta	JetSpritePtr+1	;high byte pointer to jet sprite lookup table (plus one)
     78  f02c
     79  f02c		       a9 e5		      lda	#<JetColour
     80  f02e		       85 88		      sta	JetColourPtr	;low byte pointer to jet colour lookup table
     81  f030		       a9 f2		      lda	#>JetColour
     82  f032		       85 89		      sta	JetColourPtr+1	;high byte pointer to jet colour lookup table (plus one)
     83  f034
     84  f034		       a9 dc		      lda	#<BomberSprite
     85  f036		       85 8a		      sta	BomberSpritePtr	;low byte pointer to jet sprite lookup table
     86  f038		       a9 f2		      lda	#>BomberSprite
     87  f03a		       85 8b		      sta	BomberSpritePtr+1	;high byte pointer to jet sprite lookup table (plus one)
     88  f03c
     89  f03c		       a9 f7		      lda	#<BomberColour
     90  f03e		       85 8c		      sta	BomberColourPtr	;low byte pointer to jet colour lookup table
     91  f040		       a9 f2		      lda	#>BomberColour
     92  f042		       85 8d		      sta	BomberColourPtr+1	;high byte pointer to jet colour lookup table (plus one)
     93  f044
     94  f044							;start main display loop--------------------------------------------
     95  f044				   StartFrame
     96  f044							;display VSYNC and VBLANK-------------------------------------------
     97  f044		       a9 02		      lda	#2
     98  f046		       85 00		      sta	VSYNC
     99  f048		       85 01		      sta	VBLANK
    100  f04a							;generate 3 lines of VSYNC------------------------------------------
    101  f04a					      REPEAT	3
    102  f04a		       85 02		      sta	WSYNC
    101  f04a					      REPEND
    102  f04c		       85 02		      sta	WSYNC
    101  f04c					      REPEND
    102  f04e		       85 02		      sta	WSYNC
    103  f050					      REPEND
    104  f050							;turn off VSYNC-----------------------------------------------------
    105  f050		       a9 00		      lda	#0
    106  f052		       85 00		      sta	VSYNC
    107  f054
    108  f054							;generate 37 lines of VBLANK----------------------------------------
    109  f054					      REPEAT	33
    110  f054		       85 02		      sta	WSYNC
    109  f054					      REPEND
    110  f056		       85 02		      sta	WSYNC
    109  f056					      REPEND
    110  f058		       85 02		      sta	WSYNC
    109  f058					      REPEND
    110  f05a		       85 02		      sta	WSYNC
    109  f05a					      REPEND
    110  f05c		       85 02		      sta	WSYNC
    109  f05c					      REPEND
    110  f05e		       85 02		      sta	WSYNC
    109  f05e					      REPEND
    110  f060		       85 02		      sta	WSYNC
    109  f060					      REPEND
    110  f062		       85 02		      sta	WSYNC
    109  f062					      REPEND
    110  f064		       85 02		      sta	WSYNC
    109  f064					      REPEND
    110  f066		       85 02		      sta	WSYNC
    109  f066					      REPEND
    110  f068		       85 02		      sta	WSYNC
    109  f068					      REPEND
    110  f06a		       85 02		      sta	WSYNC
    109  f06a					      REPEND
    110  f06c		       85 02		      sta	WSYNC
    109  f06c					      REPEND
    110  f06e		       85 02		      sta	WSYNC
    109  f06e					      REPEND
    110  f070		       85 02		      sta	WSYNC
    109  f070					      REPEND
    110  f072		       85 02		      sta	WSYNC
    109  f072					      REPEND
    110  f074		       85 02		      sta	WSYNC
    109  f074					      REPEND
    110  f076		       85 02		      sta	WSYNC
    109  f076					      REPEND
    110  f078		       85 02		      sta	WSYNC
    109  f078					      REPEND
    110  f07a		       85 02		      sta	WSYNC
    109  f07a					      REPEND
    110  f07c		       85 02		      sta	WSYNC
    109  f07c					      REPEND
    110  f07e		       85 02		      sta	WSYNC
    109  f07e					      REPEND
    110  f080		       85 02		      sta	WSYNC
    109  f080					      REPEND
    110  f082		       85 02		      sta	WSYNC
    109  f082					      REPEND
    110  f084		       85 02		      sta	WSYNC
    109  f084					      REPEND
    110  f086		       85 02		      sta	WSYNC
    109  f086					      REPEND
    110  f088		       85 02		      sta	WSYNC
    109  f088					      REPEND
    110  f08a		       85 02		      sta	WSYNC
    109  f08a					      REPEND
    110  f08c		       85 02		      sta	WSYNC
    109  f08c					      REPEND
    110  f08e		       85 02		      sta	WSYNC
    109  f08e					      REPEND
    110  f090		       85 02		      sta	WSYNC
    109  f090					      REPEND
    110  f092		       85 02		      sta	WSYNC
    109  f092					      REPEND
    110  f094		       85 02		      sta	WSYNC
    111  f096					      REPEND
    112  f096
    113  f096							;calculations and tasks in VBLANK-----------------------------------
    114  f096		       a5 80		      lda	JetXPos
    115  f098		       a0 00		      ldy	#0
    116  f09a		       20 5c f2 	      jsr	SetObjectXPos	;set player 0 horizontal position
    117  f09d
    118  f09d		       a5 82		      lda	BomberXPos
    119  f09f		       a0 01		      ldy	#1
    120  f0a1		       20 5c f2 	      jsr	SetObjectXPos	;set player 1 horizontal position
    121  f0a4
    122  f0a4		       a5 84		      lda	MissileXPos
    123  f0a6		       a0 02		      ldy	#2
    124  f0a8		       20 5c f2 	      jsr	SetObjectXPos	;set missile horizontal position
    125  f0ab
    126  f0ab		       20 a1 f2 	      jsr	CalculateDigitOffset	;calculate the scoreboard offset
    127  f0ae		       85 02		      sta	WSYNC
    128  f0b0		       85 2a		      sta	HMOVE	;apply the horizontal offsets previously set
    129  f0b2
    130  f0b2							;turn off VBLANK---------------------------------------------------
    131  f0b2		       a9 00		      lda	#0
    132  f0b4		       85 01		      sta	VBLANK
    133  f0b6
    134  f0b6							;clear TIA registers-----------------------------------------------
    135  f0b6		       a9 00		      lda	#0	;clear TIA registers
    136  f0b8		       85 0d		      sta	PF0
    137  f0ba		       85 0e		      sta	PF1
    138  f0bc		       85 0f		      sta	PF2
    139  f0be		       85 1b		      sta	GRP0
    140  f0c0		       85 1c		      sta	GRP1
    141  f0c2		       85 09		      sta	COLUBK
    142  f0c4		       a9 1c		      lda	#$1C	;set scoreboard colour to white
    143  f0c6		       85 08		      sta	COLUPF
    144  f0c8		       a9 00		      lda	#%00000000
    145  f0ca		       85 0a		      sta	CTRLPF	;disable playfield reflection
    146  f0cc
    147  f0cc							;display scoreboard lines------------------------------------------
    148  f0cc		       a2 05		      ldx	#DIGIT_HEIGHT	;store 5 in X
    149  f0ce				   ScoreDigitLoop
    150  f0ce		       a4 97		      ldy	TensDigitOffset	;get the tens digit offset for the score
    151  f0d0		       b9 00 f3 	      lda	Digits,Y	;load sprite
    152  f0d3		       29 f0		      and	#$F0	;mask the graphics for ones digit
    153  f0d5		       85 90		      sta	ScoreSprite	;score the tens digit pattern
    154  f0d7
    155  f0d7		       a4 95		      ldy	OnesDigitOffset
    156  f0d9		       b9 00 f3 	      lda	Digits,Y
    157  f0dc		       29 0f		      and	#$0F
    158  f0de		       05 90		      ora	ScoreSprite	;merge ones and tens into one sprite
    159  f0e0		       85 90		      sta	ScoreSprite
    160  f0e2		       85 02		      sta	WSYNC	;wait for new scanline
    161  f0e4		       85 0e		      sta	PF1	;update the playfield
    162  f0e6
    163  f0e6		       a4 98		      ldy	TensDigitOffset+1
    164  f0e8		       b9 00 f3 	      lda	Digits,Y
    165  f0eb		       29 f0		      and	#$F0
    166  f0ed		       85 91		      sta	TimerSprite
    167  f0ef
    168  f0ef		       a4 96		      ldy	OnesDigitOffset+1
    169  f0f1		       b9 00 f3 	      lda	Digits,Y
    170  f0f4		       29 0f		      and	#$0F
    171  f0f6		       05 91		      ora	TimerSprite
    172  f0f8		       85 91		      sta	TimerSprite
    173  f0fa
    174  f0fa		       20 c1 f2 	      jsr	Sleep12Cycles
    175  f0fd		       85 0e		      sta	PF1
    176  f0ff		       a4 90		      ldy	ScoreSprite
    177  f101		       85 02		      sta	WSYNC
    178  f103
    179  f103		       84 0e		      sty	PF1
    180  f105		       e6 97		      inc	TensDigitOffset
    181  f107		       e6 98		      inc	TensDigitOffset+1
    182  f109		       e6 95		      inc	OnesDigitOffset
    183  f10b		       e6 96		      inc	OnesDigitOffset+1
    184  f10d
    185  f10d		       20 c1 f2 	      jsr	Sleep12Cycles
    186  f110
    187  f110		       ca		      dex		;X--
    188  f111		       85 0e		      sta	PF1
    189  f113		       d0 b9		      bne	ScoreDigitLoop	;branch back to ScoreDigitLoop if dex != 0
    190  f115		       85 02		      sta	WSYNC
    191  f117
    192  f117		       a9 00		      lda	#0
    193  f119		       85 0d		      sta	PF0
    194  f11b		       85 0e		      sta	PF1
    195  f11d		       85 0f		      sta	PF2
    196  f11f		       85 02		      sta	WSYNC
    197  f121		       85 02		      sta	WSYNC
    198  f123		       85 02		      sta	WSYNC
    199  f125
    200  f125							;display 96 visible scanlines (2 line kernel)-----------------------------
    201  f125				   VisibleLine
    202  f125		       a5 99		      lda	TerrainColour
    203  f127		       85 08		      sta	COLUPF	;set the terrain colour to TerrainColour
    204  f129
    205  f129		       a5 9a		      lda	RiverColour
    206  f12b		       85 09		      sta	COLUBK	;set the river colour to RiverColour
    207  f12d
    208  f12d		       a5 01		      lda	%00000001
    209  f12f		       85 0a		      sta	CTRLPF	;enable playfield reflection
    210  f131		       a9 f0		      lda	#$F0
    211  f133		       85 0d		      sta	PF0	; setting PF0 bit pattern
    212  f135		       a9 fc		      lda	#$FC
    213  f137		       85 0e		      sta	PF1	; setting PF1 bit pattern
    214  f139		       a9 00		      lda	#0
    215  f13b		       85 0f		      sta	PF2	; setting PF2 bit pattern
    216  f13d
    217  f13d		       a2 55		      ldx	#85	;X counts the remaining number of scanlines
    218  f13f
    219  f13f				   LineLoop
      0  f13f					      DRAW_MISSILE		;assembler macro to draw missile
      1  f13f		       a9 00		      lda	#%00000000
      2  f141		       e4 85		      cpx	MissileYPos
      3  f143		       d0 04		      bne	SkipMissileDraw
      4  f145				   DrawMissile
      5  f145		       a9 02		      lda	#%00000010
      6  f147		       e6 85		      inc	MissileYPos
      7  f149				   SkipMissileDraw
      8  f149		       85 1d		      sta	ENAM0
    221  f14b
    222  f14b				   InsideJetSprite
    223  f14b		       8a		      txa		;transfer x to acc
    224  f14c		       38		      sec		;set carry flag for subtraction
    225  f14d		       e5 81		      sbc	JetYPos	;subtract sprite Y coord
    226  f14f		       c9 09		      cmp	#JET_HEIGHT	;compare with jet height
    227  f151		       90 02		      bcc	DrawSpriteP0	;if result < SpriteHeight call draw routine
    228  f153		       a9 00		      lda	#0	;else, load 0
    229  f155
    230  f155				   DrawSpriteP0
    231  f155		       18		      clc		;clear carry before addition
    232  f156		       65 8e		      adc	JetAnimOffset	;jump to the sprite frame in memory
    233  f158
    234  f158		       a8		      tay		;Load Y so pointer can be worked with
    235  f159		       b1 86		      lda	(JetSpritePtr),Y	;Load P0 Bitmap data
    236  f15b		       85 02		      sta	WSYNC	;wait for next scanline
    237  f15d		       85 1b		      sta	GRP0	;set graphics for P0
    238  f15f		       b1 88		      lda	(JetColourPtr),Y	;load P0 Colour data
    239  f161		       85 06		      sta	COLUP0	;set colour of P0
    240  f163
    241  f163				   InsideBomberSprite
    242  f163		       8a		      txa		;transfer x to acc
    243  f164		       38		      sec		;set carry flag for subtraction
    244  f165		       e5 83		      sbc	BomberYPos	;subtract sprite Y coord
    245  f167		       c9 09		      cmp	#BOMBER_HEIGHT	;compare with jet height
    246  f169		       90 02		      bcc	DrawSpriteP1	;if result < SpriteHeight call draw routine
    247  f16b		       a9 00		      lda	#0	;else, load 0
    248  f16d
    249  f16d				   DrawSpriteP1
    250  f16d		       a8		      tay		;Load Y so pointer can be worked with
    251  f16e		       b1 8a		      lda	(BomberSpritePtr),Y	;Load P0 Bitmap data
    252  f170		       85 02		      sta	WSYNC	;wait for next scanline
    253  f172		       85 1c		      sta	GRP1	;set graphics for P0
    254  f174		       b1 8c		      lda	(BomberColourPtr),Y	;load P0 Colour data
    255  f176		       85 07		      sta	COLUP1	;set colour of P0
    256  f178
    257  f178		       ca		      dex		;X--
    258  f179		       d0 c4		      bne	LineLoop	;repeat next visible scanline until finished
    259  f17b
    260  f17b		       a9 00		      lda	#0
    261  f17d		       85 8e		      sta	JetAnimOffset	;reset jet animation
    262  f17f
    263  f17f
    264  f17f		       a9 02		      lda	#2
    265  f181		       85 01		      sta	VBLANK	;turn on VBLANK
    266  f183
    267  f183					      REPEAT	30
    268  f183		       85 02		      sta	WSYNC	;display 30 lines of overscan
    267  f183					      REPEND
    268  f185		       85 02		      sta	WSYNC	;display 30 lines of overscan
    267  f185					      REPEND
    268  f187		       85 02		      sta	WSYNC	;display 30 lines of overscan
    267  f187					      REPEND
    268  f189		       85 02		      sta	WSYNC	;display 30 lines of overscan
    267  f189					      REPEND
    268  f18b		       85 02		      sta	WSYNC	;display 30 lines of overscan
    267  f18b					      REPEND
    268  f18d		       85 02		      sta	WSYNC	;display 30 lines of overscan
    267  f18d					      REPEND
    268  f18f		       85 02		      sta	WSYNC	;display 30 lines of overscan
    267  f18f					      REPEND
    268  f191		       85 02		      sta	WSYNC	;display 30 lines of overscan
    267  f191					      REPEND
    268  f193		       85 02		      sta	WSYNC	;display 30 lines of overscan
    267  f193					      REPEND
    268  f195		       85 02		      sta	WSYNC	;display 30 lines of overscan
    267  f195					      REPEND
    268  f197		       85 02		      sta	WSYNC	;display 30 lines of overscan
    267  f197					      REPEND
    268  f199		       85 02		      sta	WSYNC	;display 30 lines of overscan
    267  f199					      REPEND
    268  f19b		       85 02		      sta	WSYNC	;display 30 lines of overscan
    267  f19b					      REPEND
    268  f19d		       85 02		      sta	WSYNC	;display 30 lines of overscan
    267  f19d					      REPEND
    268  f19f		       85 02		      sta	WSYNC	;display 30 lines of overscan
    267  f19f					      REPEND
    268  f1a1		       85 02		      sta	WSYNC	;display 30 lines of overscan
    267  f1a1					      REPEND
    268  f1a3		       85 02		      sta	WSYNC	;display 30 lines of overscan
    267  f1a3					      REPEND
    268  f1a5		       85 02		      sta	WSYNC	;display 30 lines of overscan
    267  f1a5					      REPEND
    268  f1a7		       85 02		      sta	WSYNC	;display 30 lines of overscan
    267  f1a7					      REPEND
    268  f1a9		       85 02		      sta	WSYNC	;display 30 lines of overscan
    267  f1a9					      REPEND
    268  f1ab		       85 02		      sta	WSYNC	;display 30 lines of overscan
    267  f1ab					      REPEND
    268  f1ad		       85 02		      sta	WSYNC	;display 30 lines of overscan
    267  f1ad					      REPEND
    268  f1af		       85 02		      sta	WSYNC	;display 30 lines of overscan
    267  f1af					      REPEND
    268  f1b1		       85 02		      sta	WSYNC	;display 30 lines of overscan
    267  f1b1					      REPEND
    268  f1b3		       85 02		      sta	WSYNC	;display 30 lines of overscan
    267  f1b3					      REPEND
    268  f1b5		       85 02		      sta	WSYNC	;display 30 lines of overscan
    267  f1b5					      REPEND
    268  f1b7		       85 02		      sta	WSYNC	;display 30 lines of overscan
    267  f1b7					      REPEND
    268  f1b9		       85 02		      sta	WSYNC	;display 30 lines of overscan
    267  f1b9					      REPEND
    268  f1bb		       85 02		      sta	WSYNC	;display 30 lines of overscan
    267  f1bb					      REPEND
    268  f1bd		       85 02		      sta	WSYNC	;display 30 lines of overscan
    269  f1bf					      REPEND
    270  f1bf
    271  f1bf		       a9 00		      lda	#0
    272  f1c1		       85 01		      sta	VBLANK	;turn off VBLANK
    273  f1c3
    274  f1c3							;process joystick input for P0--------------------------------------------------------------------
    275  f1c3				   CheckP0Up
    276  f1c3		       a9 10		      lda	#%00010000	;player 0 joystick up
    277  f1c5		       2c 80 02 	      bit	SWCHA
    278  f1c8		       d0 0c		      bne	CheckP0Down
    279  f1ca		       a5 81		      lda	JetYPos	;if up isnt being pressed skip to down
    280  f1cc		       c9 46		      cmp	#70
    281  f1ce		       10 2c		      bpl	CheckP0Right
    282  f1d0				   P0UpPressed
    283  f1d0		       e6 81		      inc	JetYPos
    284  f1d2		       a9 00		      lda	#0
    285  f1d4		       85 8e		      sta	JetAnimOffset	;reset animation
    286  f1d6
    287  f1d6				   CheckP0Down
    288  f1d6		       a9 20		      lda	#%00100000	;Player 0 joystick down
    289  f1d8		       2c 80 02 	      bit	SWCHA
    290  f1db		       d0 0c		      bne	CheckP0Left	;skip to left if not pressed
    291  f1dd		       a5 81		      lda	JetYPos
    292  f1df		       c9 05		      cmp	#5
    293  f1e1		       30 06		      bmi	CheckP0Left
    294  f1e3				   P0DownPressed
    295  f1e3		       c6 81		      dec	JetYPos
    296  f1e5		       a9 00		      lda	#0
    297  f1e7		       85 8e		      sta	JetAnimOffset	;reset animation
    298  f1e9
    299  f1e9				   CheckP0Left
    300  f1e9		       a9 40		      lda	#%01000000	;Player 0 joystick left
    301  f1eb		       2c 80 02 	      bit	SWCHA
    302  f1ee		       d0 0c		      bne	CheckP0Right	;skip to right if not pressed
    303  f1f0		       a5 80		      lda	JetXPos
    304  f1f2		       c9 23		      cmp	#35
    305  f1f4		       30 06		      bmi	CheckP0Right
    306  f1f6				   P0LeftPressed
    307  f1f6		       c6 80		      dec	JetXPos
    308  f1f8		       a9 09		      lda	#JET_HEIGHT	;9
    309  f1fa		       85 8e		      sta	JetAnimOffset	;set the animation offset to the next frame
    310  f1fc
    311  f1fc				   CheckP0Right
    312  f1fc		       a9 80		      lda	#%10000000	;player 0 joystick right
    313  f1fe		       2c 80 02 	      bit	SWCHA
    314  f201		       d0 0c		      bne	CheckButtonPressed	;fallback to button press
    315  f203		       a5 80		      lda	JetXPos
    316  f205		       c9 64		      cmp	#100
    317  f207		       10 06		      bpl	CheckButtonPressed
    318  f209				   P0RightPressed
    319  f209		       e6 80		      inc	JetXPos
    320  f20b		       a9 09		      lda	#JET_HEIGHT	;9
    321  f20d		       85 8e		      sta	JetAnimOffset	;set the animation offset to the next frame
    322  f20f
    323  f20f				   CheckButtonPressed
    324  f20f		       a9 80		      lda	#%10000000
    325  f211		       24 0c		      bit	INPT4	;if button is pressed and not equal end input check
    326  f213		       d0 0e		      bne	NoInput
    327  f215				   ButtonPressed
    328  f215		       a5 80		      lda	JetXPos
    329  f217		       18		      clc
    330  f218		       69 04		      adc	#4
    331  f21a		       85 84		      sta	MissileXPos	;spawn missile at jet x position
    332  f21c		       a5 81		      lda	JetYPos
    333  f21e		       18		      clc
    334  f21f		       69 05		      adc	#5
    335  f221		       85 85		      sta	MissileYPos	;spawn missile at jet y position
    336  f223
    337  f223				   NoInput
    338  f223
    339  f223							;calculations to update position for next frame--------------------------------------------------
    340  f223				   UpdateBomberPosition
    341  f223		       a5 83		      lda	BomberYPos	;load Bomber Y position to acc
    342  f225		       18		      clc		;clear the carry flag
    343  f226		       c9 00		      cmp	#0	;compare Y position to 0
    344  f228		       30 05		      bmi	ResetBomberPosition	;branch to ResetBomberPosition if the number is a negative
    345  f22a		       c6 83		      dec	BomberYPos	;decrement the bomber y position
    346  f22c		       4c 32 f2 	      jmp	EndPositionUpdate	;jump to fallback
    347  f22f
    348  f22f				   ResetBomberPosition		;resets Bomber Y position back to the top of the screen
    349  f22f		       20 7b f2 	      jsr	GetRandomBomberPosition	;call subroutine for random bomber x position
    350  f232
    351  f232				   EndPositionUpdate		;fallback for position update code
    352  f232
    353  f232							;check for object collision----------------------------------------------------------------------
    354  f232				   CheckCollisionP0P1
    355  f232		       a9 80		      lda	#%10000000	;CXPPMM bit 7 detects P0 and P1 collision
    356  f234		       24 07		      bit	CXPPMM	;check CXPPMM with the above pattern
    357  f236		       d0 06		      bne	CollisionP0P1	;collision between P0 and P1
    358  f238		       20 c2 f2 	      jsr	SetTerrainRiverColour
    359  f23b		       4c 41 f2 	      jmp	CheckCollisionM0P1
    360  f23e
    361  f23e				   CollisionP0P1
    362  f23e		       20 70 f2 	      jsr	GameOver	;game over
    363  f241
    364  f241				   CheckCollisionM0P1
    365  f241		       a9 80		      lda	#%10000000
    366  f243		       24 00		      bit	CXM0P
    367  f245		       d0 03		      bne	M0P1Collided
    368  f247		       4c 57 f2 	      jmp	EndCollisionCheck
    369  f24a
    370  f24a				   M0P1Collided
    371  f24a		       f8		      sed
    372  f24b		       a5 92		      lda	Score
    373  f24d		       18		      clc
    374  f24e		       69 01		      adc	#1
    375  f250		       85 92		      sta	Score
    376  f252		       d8		      cld
    377  f253		       a9 00		      lda	#0
    378  f255		       85 85		      sta	MissileYPos
    379  f257
    380  f257				   EndCollisionCheck		;collision check fallback
    381  f257		       85 2c		      sta	CXCLR
    382  f259
    383  f259							;loop new frame
    384  f259		       4c 44 f0 	      jmp	StartFrame
    385  f25c
    386  f25c							;subroutine to handle sprite X offset----------------------------------------------------------
    387  f25c							;A is the target offset position,
    388  f25c							;Y is the object type (0: Player0 1: Player1 2: missile0 3: missile1 4: ball)
    389  f25c				   SetObjectXPos subroutine
    390  f25c		       85 02		      sta	WSYNC	;wait for fresh scanline
    391  f25e		       38		      sec		;carry flag for subtraction
    392  f25f				   DivideLoop
    393  f25f		       e9 0f		      sbc	#15	;subtract 15 from acc
    394  f261		       b0 fc		      bcs	DivideLoop	;loop until carry flag is clear
    395  f263		       49 07		      eor	#7	;adjust remainder to -8 to 7
    396  f265		       0a		      asl
    397  f266		       0a		      asl
    398  f267		       0a		      asl
    399  f268		       0a		      asl		;four left shifts as HMP0 only targets the top 4 bits
    400  f269		       99 20 00 	      sta	HMP0,Y	;store the fine offset
    401  f26c		       99 10 00 	      sta	RESP0,Y	;fix object in 15 step intervals
    402  f26f		       60		      rts
    403  f270
    404  f270							;Game over Subroutine-------------------------------------------------------------------------
    405  f270				   GameOver   subroutine
    406  f270		       a9 30		      lda	#$30
    407  f272		       85 99		      sta	TerrainColour	;set terrain colour to red
    408  f274		       85 9a		      sta	RiverColour	;set river colour to red
    409  f276		       a9 00		      lda	#0
    410  f278		       85 92		      sta	Score	;score = 0
    411  f27a		       60		      rts
    412  f27b
    413  f27b							;subroutine to generate Linear Feedback Shift Register random number--------------------------
    414  f27b							;generate a random number
    415  f27b							;divide the random by 4 to match river width
    416  f27b							;add 30 to compensate for left playfield
    417  f27b				   GetRandomBomberPosition subroutine
    418  f27b		       a5 8f		      lda	Random
    419  f27d		       0a		      asl
    420  f27e		       45 8f		      eor	Random
    421  f280		       0a		      asl
    422  f281		       45 8f		      eor	Random
    423  f283		       0a		      asl
    424  f284		       0a		      asl
    425  f285		       45 8f		      eor	Random
    426  f287		       0a		      asl
    427  f288		       26 8f		      rol	Random	; performs a series of shifts and bit operations
    428  f28a
    429  f28a		       4a		      lsr
    430  f28b		       4a		      lsr		; divide the value by 4 with 2 right shifts
    431  f28c		       85 82		      sta	BomberXPos	; save it to the variable BomberXPos
    432  f28e		       a9 1e		      lda	#30
    433  f290		       65 82		      adc	BomberXPos	; adds 30 + BomberXPos to compensate for left PF
    434  f292		       85 82		      sta	BomberXPos	; and sets the new value to the bomber x-position
    435  f294
    436  f294		       a9 60		      lda	#96
    437  f296		       85 83		      sta	BomberYPos	; set the y-position to the top of the screen
    438  f298
    439  f298				   SetScoreValues
    440  f298		       f8		      sed		;set decimal mode
    441  f299		       a5 93		      lda	Timer
    442  f29b		       18		      clc
    443  f29c		       69 01		      adc	#1
    444  f29e		       85 93		      sta	Timer	;add 1 to timer
    445  f2a0
    446  f2a0		       d8		      cld		;disable BCD mode
    447  f2a1
    448  f2a1							;Subroutine to handle scoreboard digits---------------------------------------------------------------------
    449  f2a1							;convert the top and bottom nybbles into the score and timer offset
    450  f2a1							;each digit is 5 bytes tall
    451  f2a1							;for low nybble multiplication of 5 is required
    452  f2a1							;left shift to multiply by two
    453  f2a1							;right shift to divide
    454  f2a1
    455  f2a1				   CalculateDigitOffset subroutine
    456  f2a1		       a2 01		      ldx	#1	;loop counter
    457  f2a3				   PrepareScoreLoop		;loop twice, first 1 then 0
    458  f2a3		       b5 92		      lda	Score,X	;Score + 1 = timer
    459  f2a5		       29 0f		      and	#$0F	;remove the tens digit by masking 4 bits
    460  f2a7		       85 94		      sta	Temp	;Save the value in a temporary variable
    461  f2a9		       0a		      asl		;shift left twice and add N for multiplication by 5
    462  f2aa		       0a		      asl
    463  f2ab		       65 94		      adc	Temp
    464  f2ad		       95 95		      sta	OnesDigitOffset,X
    465  f2af
    466  f2af		       b5 92		      lda	Score,X
    467  f2b1		       29 f0		      and	#$F0
    468  f2b3		       4a		      lsr
    469  f2b4		       4a		      lsr
    470  f2b5		       85 94		      sta	Temp
    471  f2b7		       4a		      lsr
    472  f2b8		       4a		      lsr
    473  f2b9		       65 94		      adc	Temp
    474  f2bb		       95 97		      sta	TensDigitOffset,X
    475  f2bd
    476  f2bd		       ca		      dex
    477  f2be		       10 e3		      bpl	PrepareScoreLoop	;to prepare score loop
    478  f2c0		       60		      rts
    479  f2c1
    480  f2c1				   Sleep12Cycles subroutine
    481  f2c1		       60		      rts
    482  f2c2
    483  f2c2				   SetTerrainRiverColour subroutine
    484  f2c2		       a9 c2		      lda	#$C2
    485  f2c4		       85 99		      sta	TerrainColour	;set colour to green
    486  f2c6		       a9 84		      lda	#$84
    487  f2c8		       85 9a		      sta	RiverColour	;set river to blue
    488  f2ca		       60		      rts
    489  f2cb
    490  f2cb							;ROM lookup tables-----------------------------------------------------------------------
    491  f2cb				   JetSprite
    492  f2cb		       00		      .byte.b	#%00000000
    493  f2cc		       54		      .byte.b	#%01010100	;$1E
    494  f2cd		       54		      .byte.b	#%01010100	;$40
    495  f2ce		       7c		      .byte.b	#%01111100	;$40
    496  f2cf		       38		      .byte.b	#%00111000	;$40
    497  f2d0		       38		      .byte.b	#%00111000	;$40
    498  f2d1		       38		      .byte.b	#%00111000	;$40
    499  f2d2		       10		      .byte.b	#%00010000	;$40
    500  f2d3		       10		      .byte.b	#%00010000	;$40
    501  f2d4
    502  f2d4
    503  f2d4				   JetSpriteTurn
    504  f2d4		       00		      .byte.b	#%00000000	;$1E
    505  f2d5		       28		      .byte.b	#%00101000	;$1E
    506  f2d6		       38		      .byte.b	#%00111000	;$40
    507  f2d7		       38		      .byte.b	#%00111000	;$40
    508  f2d8		       10		      .byte.b	#%00010000	;$40
    509  f2d9		       10		      .byte.b	#%00010000	;$40
    510  f2da		       10		      .byte.b	#%00010000	;$40
    511  f2db		       10		      .byte.b	#%00010000	;$40
    512  f2dc
    513  f2dc				   BomberSprite
    514  f2dc		       00		      .byte.b	#%00000000
    515  f2dd		       00		      .byte.b	#%00000000
    516  f2de		       08		      .byte.b	#%00001000
    517  f2df		       14		      .byte.b	#%00010100
    518  f2e0		       2a		      .byte.b	#%00101010
    519  f2e1		       2a		      .byte.b	#%00101010
    520  f2e2		       7f		      .byte.b	#%01111111
    521  f2e3		       49		      .byte.b	#%01001001
    522  f2e4		       49		      .byte.b	#%01001001
    523  f2e5
    524  f2e5				   JetColour
    525  f2e5		       00		      .byte.b	#$00
    526  f2e6		       1e		      .byte.b	#$1E
    527  f2e7		       40		      .byte.b	#$40
    528  f2e8		       40		      .byte.b	#$40
    529  f2e9		       40		      .byte.b	#$40
    530  f2ea		       40		      .byte.b	#$40
    531  f2eb		       40		      .byte.b	#$40
    532  f2ec		       40		      .byte.b	#$40
    533  f2ed		       40		      .byte.b	#$40
    534  f2ee
    535  f2ee				   JetTurnColour
    536  f2ee		       1e		      .byte.b	#$1E	;
    537  f2ef		       1e		      .byte.b	#$1E	;
    538  f2f0		       40		      .byte.b	#$40	;
    539  f2f1		       40		      .byte.b	#$40	;
    540  f2f2		       40		      .byte.b	#$40	;
    541  f2f3		       40		      .byte.b	#$40	;
    542  f2f4		       40		      .byte.b	#$40	;
    543  f2f5		       40		      .byte.b	#$40	;
    544  f2f6		       40		      .byte.b	#$40	;
    545  f2f7
    546  f2f7				   BomberColour
    547  f2f7		       00		      .byte.b	#$00
    548  f2f8		       00		      .byte.b	#$00
    549  f2f9		       ff		      .byte.b	#$FF
    550  f2fa		       ff		      .byte.b	#$FF
    551  f2fb		       40		      .byte.b	#$40
    552  f2fc		       40		      .byte.b	#$40
    553  f2fd		       40		      .byte.b	#$40
    554  f2fe		       40		      .byte.b	#$40
    555  f2ff		       0f		      .byte.b	#$0F
    556  f300
    557  f300				   Digits
    558  f300		       77		      .byte.b	%01110111	; ### ###
    559  f301		       55		      .byte.b	%01010101	; # # # #
    560  f302		       55		      .byte.b	%01010101	; # # # #
    561  f303		       55		      .byte.b	%01010101	; # # # #
    562  f304		       77		      .byte.b	%01110111	; ### ###
    563  f305
    564  f305		       11		      .byte.b	%00010001	;   #	 #
    565  f306		       11		      .byte.b	%00010001	;   #	 #
    566  f307		       11		      .byte.b	%00010001	;   #	 #
    567  f308		       11		      .byte.b	%00010001	;   #	 #
    568  f309		       11		      .byte.b	%00010001	;   #	 #
    569  f30a
    570  f30a		       77		      .byte.b	%01110111	; ### ###
    571  f30b		       11		      .byte.b	%00010001	;   #	 #
    572  f30c		       77		      .byte.b	%01110111	; ### ###
    573  f30d		       44		      .byte.b	%01000100	; #   #
    574  f30e		       77		      .byte.b	%01110111	; ### ###
    575  f30f
    576  f30f		       77		      .byte.b	%01110111	; ### ###
    577  f310		       11		      .byte.b	%00010001	;   #	 #
    578  f311		       33		      .byte.b	%00110011	;  ##	##
    579  f312		       11		      .byte.b	%00010001	;   #	 #
    580  f313		       77		      .byte.b	%01110111	; ### ###
    581  f314
    582  f314		       55		      .byte.b	%01010101	; # # # #
    583  f315		       55		      .byte.b	%01010101	; # # # #
    584  f316		       77		      .byte.b	%01110111	; ### ###
    585  f317		       11		      .byte.b	%00010001	;   #	 #
    586  f318		       11		      .byte.b	%00010001	;   #	 #
    587  f319
    588  f319		       77		      .byte.b	%01110111	; ### ###
    589  f31a		       44		      .byte.b	%01000100	; #   #
    590  f31b		       77		      .byte.b	%01110111	; ### ###
    591  f31c		       11		      .byte.b	%00010001	;   #	 #
    592  f31d		       77		      .byte.b	%01110111	; ### ###
    593  f31e
    594  f31e		       77		      .byte.b	%01110111	; ### ###
    595  f31f		       44		      .byte.b	%01000100	; #   #
    596  f320		       77		      .byte.b	%01110111	; ### ###
    597  f321		       55		      .byte.b	%01010101	; # # # #
    598  f322		       77		      .byte.b	%01110111	; ### ###
    599  f323
    600  f323		       77		      .byte.b	%01110111	; ### ###
    601  f324		       11		      .byte.b	%00010001	;   #	 #
    602  f325		       11		      .byte.b	%00010001	;   #	 #
    603  f326		       11		      .byte.b	%00010001	;   #	 #
    604  f327		       11		      .byte.b	%00010001	;   #	 #
    605  f328
    606  f328		       77		      .byte.b	%01110111	; ### ###
    607  f329		       55		      .byte.b	%01010101	; # # # #
    608  f32a		       77		      .byte.b	%01110111	; ### ###
    609  f32b		       55		      .byte.b	%01010101	; # # # #
    610  f32c		       77		      .byte.b	%01110111	; ### ###
    611  f32d
    612  f32d		       77		      .byte.b	%01110111	; ### ###
    613  f32e		       55		      .byte.b	%01010101	; # # # #
    614  f32f		       77		      .byte.b	%01110111	; ### ###
    615  f330		       11		      .byte.b	%00010001	;   #	 #
    616  f331		       77		      .byte.b	%01110111	; ### ###
    617  f332
    618  f332		       22		      .byte.b	%00100010	;  #	#
    619  f333		       55		      .byte.b	%01010101	; # # # #
    620  f334		       77		      .byte.b	%01110111	; ### ###
    621  f335		       55		      .byte.b	%01010101	; # # # #
    622  f336		       55		      .byte.b	%01010101	; # # # #
    623  f337
    624  f337		       77		      .byte.b	%01110111	; ### ###
    625  f338		       55		      .byte.b	%01010101	; # # # #
    626  f339		       66		      .byte.b	%01100110	; ##  ##
    627  f33a		       55		      .byte.b	%01010101	; # # # #
    628  f33b		       77		      .byte.b	%01110111	; ### ###
    629  f33c
    630  f33c		       77		      .byte.b	%01110111	; ### ###
    631  f33d		       44		      .byte.b	%01000100	; #   #
    632  f33e		       44		      .byte.b	%01000100	; #   #
    633  f33f		       44		      .byte.b	%01000100	; #   #
    634  f340		       77		      .byte.b	%01110111	; ### ###
    635  f341
    636  f341		       66		      .byte.b	%01100110	; ##  ##
    637  f342		       55		      .byte.b	%01010101	; # # # #
    638  f343		       55		      .byte.b	%01010101	; # # # #
    639  f344		       55		      .byte.b	%01010101	; # # # #
    640  f345		       66		      .byte.b	%01100110	; ##  ##
    641  f346
    642  f346		       77		      .byte.b	%01110111	; ### ###
    643  f347		       44		      .byte.b	%01000100	; #   #
    644  f348		       77		      .byte.b	%01110111	; ### ###
    645  f349		       44		      .byte.b	%01000100	; #   #
    646  f34a		       77		      .byte.b	%01110111	; ### ###
    647  f34b
    648  f34b		       77		      .byte.b	%01110111	; ### ###
    649  f34c		       44		      .byte.b	%01000100	; #   #
    650  f34d		       66		      .byte.b	%01100110	; ##  ##
    651  f34e		       44		      .byte.b	%01000100	; #   #
    652  f34f		       44		      .byte.b	%01000100	; #   #
    653  f350
    654  f350							;end of ROM------------------------------------------------------------------
    655  fffc					      org	$FFFC
    656  fffc		       00 f0		      .word.w	reset
    657  fffe		       00 f0		      .word.w	reset
